============================= test session starts ==============================
platform linux -- Python 3.13.14, pytest-9.1.1, pluggy-1.6.0
rootdir: /app
configfile: pyproject.toml
plugins: anyio-4.14.2
collected 1 item

tests/test_knowledge_platform.py .                                       [100%]

=============================== warnings summary ===============================
src/api/core/config.py:34
  /app/src/api/core/config.py:34: PydanticDeprecatedSince20: Support for class-based `config` is deprecated, use ConfigDict instead. Deprecated in Pydantic V2.0 to be removed in V3.0. See Pydantic V2 Migration Guide at https://errors.pydantic.dev/2.13/migration/
    class Settings(BaseSettings):

src/api/schemas/user.py:29
  /app/src/api/schemas/user.py:29: PydanticDeprecatedSince20: Support for class-based `config` is deprecated, use ConfigDict instead. Deprecated in Pydantic V2.0 to be removed in V3.0. See Pydantic V2 Migration Guide at https://errors.pydantic.dev/2.13/migration/
    class UserResponse(UserBase):

src/api/schemas/organization.py:16
  /app/src/api/schemas/organization.py:16: PydanticDeprecatedSince20: Support for class-based `config` is deprecated, use ConfigDict instead. Deprecated in Pydantic V2.0 to be removed in V3.0. See Pydantic V2 Migration Guide at https://errors.pydantic.dev/2.13/migration/
    class OrganizationResponse(OrganizationBase):

src/api/schemas/organization.py:23
  /app/src/api/schemas/organization.py:23: PydanticDeprecatedSince20: Support for class-based `config` is deprecated, use ConfigDict instead. Deprecated in Pydantic V2.0 to be removed in V3.0. See Pydantic V2 Migration Guide at https://errors.pydantic.dev/2.13/migration/
    class OrganizationMemberResponse(BaseModel):

src/api/schemas/crm.py:22
  /app/src/api/schemas/crm.py:22: PydanticDeprecatedSince20: Support for class-based `config` is deprecated, use ConfigDict instead. Deprecated in Pydantic V2.0 to be removed in V3.0. See Pydantic V2 Migration Guide at https://errors.pydantic.dev/2.13/migration/
    class CompanyResponse(CompanyBase):

src/api/schemas/crm.py:46
  /app/src/api/schemas/crm.py:46: PydanticDeprecatedSince20: Support for class-based `config` is deprecated, use ConfigDict instead. Deprecated in Pydantic V2.0 to be removed in V3.0. See Pydantic V2 Migration Guide at https://errors.pydantic.dev/2.13/migration/
    class ContactResponse(ContactBase):

src/api/schemas/crm.py:77
  /app/src/api/schemas/crm.py:77: PydanticDeprecatedSince20: Support for class-based `config` is deprecated, use ConfigDict instead. Deprecated in Pydantic V2.0 to be removed in V3.0. See Pydantic V2 Migration Guide at https://errors.pydantic.dev/2.13/migration/
    class LeadResponse(LeadBase):

src/api/schemas/crm.py:100
  /app/src/api/schemas/crm.py:100: PydanticDeprecatedSince20: Support for class-based `config` is deprecated, use ConfigDict instead. Deprecated in Pydantic V2.0 to be removed in V3.0. See Pydantic V2 Migration Guide at https://errors.pydantic.dev/2.13/migration/
    class ActivityResponse(ActivityBase):

src/api/schemas/ai.py:29
  /app/src/api/schemas/ai.py:29: PydanticDeprecatedSince20: Support for class-based `config` is deprecated, use ConfigDict instead. Deprecated in Pydantic V2.0 to be removed in V3.0. See Pydantic V2 Migration Guide at https://errors.pydantic.dev/2.13/migration/
    class PromptResponse(PromptBase):

src/api/schemas/ai.py:48
  /app/src/api/schemas/ai.py:48: PydanticDeprecatedSince20: Support for class-based `config` is deprecated, use ConfigDict instead. Deprecated in Pydantic V2.0 to be removed in V3.0. See Pydantic V2 Migration Guide at https://errors.pydantic.dev/2.13/migration/
    class ConversationResponse(ConversationBase):

src/api/schemas/ai.py:74
  /app/src/api/schemas/ai.py:74: PydanticDeprecatedSince20: Support for class-based `config` is deprecated, use ConfigDict instead. Deprecated in Pydantic V2.0 to be removed in V3.0. See Pydantic V2 Migration Guide at https://errors.pydantic.dev/2.13/migration/
    class MessageResponse(MessageBase):

src/api/schemas/ai.py:96
  /app/src/api/schemas/ai.py:96: PydanticDeprecatedSince20: Support for class-based `config` is deprecated, use ConfigDict instead. Deprecated in Pydantic V2.0 to be removed in V3.0. See Pydantic V2 Migration Guide at https://errors.pydantic.dev/2.13/migration/
    class DocumentChunkResponse(BaseModel):

src/api/schemas/ai.py:105
  /app/src/api/schemas/ai.py:105: PydanticDeprecatedSince20: Support for class-based `config` is deprecated, use ConfigDict instead. Deprecated in Pydantic V2.0 to be removed in V3.0. See Pydantic V2 Migration Guide at https://errors.pydantic.dev/2.13/migration/
    class KnowledgeDocumentResponse(BaseModel):

src/api/schemas/ai.py:116
  /app/src/api/schemas/ai.py:116: PydanticDeprecatedSince20: Support for class-based `config` is deprecated, use ConfigDict instead. Deprecated in Pydantic V2.0 to be removed in V3.0. See Pydantic V2 Migration Guide at https://errors.pydantic.dev/2.13/migration/
    class KnowledgeDocumentListElement(BaseModel):

src/api/schemas/ai.py:137
  /app/src/api/schemas/ai.py:137: PydanticDeprecatedSince20: Support for class-based `config` is deprecated, use ConfigDict instead. Deprecated in Pydantic V2.0 to be removed in V3.0. See Pydantic V2 Migration Guide at https://errors.pydantic.dev/2.13/migration/
    class ModelRegistryResponse(BaseModel):

src/api/schemas/ai.py:167
  /app/src/api/schemas/ai.py:167: PydanticDeprecatedSince20: Support for class-based `config` is deprecated, use ConfigDict instead. Deprecated in Pydantic V2.0 to be removed in V3.0. See Pydantic V2 Migration Guide at https://errors.pydantic.dev/2.13/migration/
    class RoutingRuleResponse(BaseModel):

src/api/schemas/ai.py:194
  /app/src/api/schemas/ai.py:194: PydanticDeprecatedSince20: Support for class-based `config` is deprecated, use ConfigDict instead. Deprecated in Pydantic V2.0 to be removed in V3.0. See Pydantic V2 Migration Guide at https://errors.pydantic.dev/2.13/migration/
    class TokenUsageResponse(BaseModel):

src/api/schemas/ai.py:232
  /app/src/api/schemas/ai.py:232: PydanticDeprecatedSince20: Support for class-based `config` is deprecated, use ConfigDict instead. Deprecated in Pydantic V2.0 to be removed in V3.0. See Pydantic V2 Migration Guide at https://errors.pydantic.dev/2.13/migration/
    class ProviderResponse(BaseModel):

src/api/schemas/generator.py:19
  /app/src/api/schemas/generator.py:19: PydanticDeprecatedSince20: Support for class-based `config` is deprecated, use ConfigDict instead. Deprecated in Pydantic V2.0 to be removed in V3.0. See Pydantic V2 Migration Guide at https://errors.pydantic.dev/2.13/migration/
    class ContentVariantResponse(BaseModel):

src/api/schemas/generator.py:31
  /app/src/api/schemas/generator.py:31: PydanticDeprecatedSince20: Support for class-based `config` is deprecated, use ConfigDict instead. Deprecated in Pydantic V2.0 to be removed in V3.0. See Pydantic V2 Migration Guide at https://errors.pydantic.dev/2.13/migration/
    class GeneratedContentResponse(BaseModel):

src/api/schemas/knowledge.py:26
  /app/src/api/schemas/knowledge.py:26: PydanticDeprecatedSince20: Support for class-based `config` is deprecated, use ConfigDict instead. Deprecated in Pydantic V2.0 to be removed in V3.0. See Pydantic V2 Migration Guide at https://errors.pydantic.dev/2.13/migration/
    class CollectionResponse(CollectionBase):

src/api/schemas/knowledge.py:49
  /app/src/api/schemas/knowledge.py:49: PydanticDeprecatedSince20: Support for class-based `config` is deprecated, use ConfigDict instead. Deprecated in Pydantic V2.0 to be removed in V3.0. See Pydantic V2 Migration Guide at https://errors.pydantic.dev/2.13/migration/
    class FolderResponse(BaseModel):

src/api/schemas/knowledge.py:62
  /app/src/api/schemas/knowledge.py:62: PydanticDeprecatedSince20: Support for class-based `config` is deprecated, use ConfigDict instead. Deprecated in Pydantic V2.0 to be removed in V3.0. See Pydantic V2 Migration Guide at https://errors.pydantic.dev/2.13/migration/
    class KnowledgeDocumentResponse(BaseModel):

src/api/schemas/knowledge.py:101
  /app/src/api/schemas/knowledge.py:101: PydanticDeprecatedSince20: Support for class-based `config` is deprecated, use ConfigDict instead. Deprecated in Pydantic V2.0 to be removed in V3.0. See Pydantic V2 Migration Guide at https://errors.pydantic.dev/2.13/migration/
    class DocumentVersionResponse(BaseModel):

src/api/schemas/knowledge.py:125
  /app/src/api/schemas/knowledge.py:125: PydanticDeprecatedSince20: Support for class-based `config` is deprecated, use ConfigDict instead. Deprecated in Pydantic V2.0 to be removed in V3.0. See Pydantic V2 Migration Guide at https://errors.pydantic.dev/2.13/migration/
    class ProcessingJobResponse(BaseModel):

src/api/schemas/knowledge.py:145
  /app/src/api/schemas/knowledge.py:145: PydanticDeprecatedSince20: Support for class-based `config` is deprecated, use ConfigDict instead. Deprecated in Pydantic V2.0 to be removed in V3.0. See Pydantic V2 Migration Guide at https://errors.pydantic.dev/2.13/migration/
    class KnowledgePermissionResponse(BaseModel):

src/api/schemas/knowledge.py:187
  /app/src/api/schemas/knowledge.py:187: PydanticDeprecatedSince20: Support for class-based `config` is deprecated, use ConfigDict instead. Deprecated in Pydantic V2.0 to be removed in V3.0. See Pydantic V2 Migration Guide at https://errors.pydantic.dev/2.13/migration/
    class SearchHistoryResponse(BaseModel):

src/api/schemas/knowledge.py:205
  /app/src/api/schemas/knowledge.py:205: PydanticDeprecatedSince20: Support for class-based `config` is deprecated, use ConfigDict instead. Deprecated in Pydantic V2.0 to be removed in V3.0. See Pydantic V2 Migration Guide at https://errors.pydantic.dev/2.13/migration/
    class SavedSearchResponse(BaseModel):

src/api/routes/ai.py:876
  /app/src/api/routes/ai.py:876: PydanticDeprecatedSince20: Support for class-based `config` is deprecated, use ConfigDict instead. Deprecated in Pydantic V2.0 to be removed in V3.0. See Pydantic V2 Migration Guide at https://errors.pydantic.dev/2.13/migration/
    class ProviderKeyResponse(BaseModel):

src/api/routes/ai.py:895
  /app/src/api/routes/ai.py:895: PydanticDeprecatedSince20: Support for class-based `config` is deprecated, use ConfigDict instead. Deprecated in Pydantic V2.0 to be removed in V3.0. See Pydantic V2 Migration Guide at https://errors.pydantic.dev/2.13/migration/
    class ProviderHealthLogResponse(BaseModel):

src/api/routes/ai.py:906
  /app/src/api/routes/ai.py:906: PydanticDeprecatedSince20: Support for class-based `config` is deprecated, use ConfigDict instead. Deprecated in Pydantic V2.0 to be removed in V3.0. See Pydantic V2 Migration Guide at https://errors.pydantic.dev/2.13/migration/
    class OrgCapLimitResponse(BaseModel):

src/api/schemas/file_asset.py:19
  /app/src/api/schemas/file_asset.py:19: PydanticDeprecatedSince20: Support for class-based `config` is deprecated, use ConfigDict instead. Deprecated in Pydantic V2.0 to be removed in V3.0. See Pydantic V2 Migration Guide at https://errors.pydantic.dev/2.13/migration/
    class FileAssetResponse(FileAssetBase):

src/api/schemas/agent.py:47
  /app/src/api/schemas/agent.py:47: PydanticDeprecatedSince20: Support for class-based `config` is deprecated, use ConfigDict instead. Deprecated in Pydantic V2.0 to be removed in V3.0. See Pydantic V2 Migration Guide at https://errors.pydantic.dev/2.13/migration/
    class AgentDefinitionResponse(AgentDefinitionBase):

src/api/schemas/agent.py:73
  /app/src/api/schemas/agent.py:73: PydanticDeprecatedSince20: Support for class-based `config` is deprecated, use ConfigDict instead. Deprecated in Pydantic V2.0 to be removed in V3.0. See Pydantic V2 Migration Guide at https://errors.pydantic.dev/2.13/migration/
    class AgentSessionResponse(AgentSessionBase):

src/api/schemas/agent.py:89
  /app/src/api/schemas/agent.py:89: PydanticDeprecatedSince20: Support for class-based `config` is deprecated, use ConfigDict instead. Deprecated in Pydantic V2.0 to be removed in V3.0. See Pydantic V2 Migration Guide at https://errors.pydantic.dev/2.13/migration/
    class AgentRunResponse(BaseModel):

src/api/schemas/agent.py:109
  /app/src/api/schemas/agent.py:109: PydanticDeprecatedSince20: Support for class-based `config` is deprecated, use ConfigDict instead. Deprecated in Pydantic V2.0 to be removed in V3.0. See Pydantic V2 Migration Guide at https://errors.pydantic.dev/2.13/migration/
    class AgentLogResponse(BaseModel):

src/api/schemas/memory.py:22
  /app/src/api/schemas/memory.py:22: PydanticDeprecatedSince20: Support for class-based `config` is deprecated, use ConfigDict instead. Deprecated in Pydantic V2.0 to be removed in V3.0. See Pydantic V2 Migration Guide at https://errors.pydantic.dev/2.13/migration/
    class AgentMemoryResponse(AgentMemoryBase):

src/api/schemas/memory.py:44
  /app/src/api/schemas/memory.py:44: PydanticDeprecatedSince20: Support for class-based `config` is deprecated, use ConfigDict instead. Deprecated in Pydantic V2.0 to be removed in V3.0. See Pydantic V2 Migration Guide at https://errors.pydantic.dev/2.13/migration/
    class ConversationMemoryResponse(ConversationMemoryBase):

src/api/schemas/memory.py:74
  /app/src/api/schemas/memory.py:74: PydanticDeprecatedSince20: Support for class-based `config` is deprecated, use ConfigDict instead. Deprecated in Pydantic V2.0 to be removed in V3.0. See Pydantic V2 Migration Guide at https://errors.pydantic.dev/2.13/migration/
    class OrganizationMemoryResponse(OrganizationMemoryBase):

src/api/schemas/workflow.py:37
  /app/src/api/schemas/workflow.py:37: PydanticDeprecatedSince20: Support for class-based `config` is deprecated, use ConfigDict instead. Deprecated in Pydantic V2.0 to be removed in V3.0. See Pydantic V2 Migration Guide at https://errors.pydantic.dev/2.13/migration/
    class WorkflowDefinitionResponse(WorkflowDefinitionBase):

src/api/schemas/workflow.py:51
  /app/src/api/schemas/workflow.py:51: PydanticDeprecatedSince20: Support for class-based `config` is deprecated, use ConfigDict instead. Deprecated in Pydantic V2.0 to be removed in V3.0. See Pydantic V2 Migration Guide at https://errors.pydantic.dev/2.13/migration/
    class WorkflowExecutionResponse(BaseModel):

src/api/schemas/workflow.py:69
  /app/src/api/schemas/workflow.py:69: PydanticDeprecatedSince20: Support for class-based `config` is deprecated, use ConfigDict instead. Deprecated in Pydantic V2.0 to be removed in V3.0. See Pydantic V2 Migration Guide at https://errors.pydantic.dev/2.13/migration/
    class WorkflowStepResponse(BaseModel):

src/api/schemas/integration.py:25
  /app/src/api/schemas/integration.py:25: PydanticDeprecatedSince20: Support for class-based `config` is deprecated, use ConfigDict instead. Deprecated in Pydantic V2.0 to be removed in V3.0. See Pydantic V2 Migration Guide at https://errors.pydantic.dev/2.13/migration/
    class IntegrationResponse(IntegrationBase):

src/api/schemas/integration.py:48
  /app/src/api/schemas/integration.py:48: PydanticDeprecatedSince20: Support for class-based `config` is deprecated, use ConfigDict instead. Deprecated in Pydantic V2.0 to be removed in V3.0. See Pydantic V2 Migration Guide at https://errors.pydantic.dev/2.13/migration/
    class SyncJobResponse(BaseModel):

src/api/schemas/notification.py:23
  /app/src/api/schemas/notification.py:23: PydanticDeprecatedSince20: Support for class-based `config` is deprecated, use ConfigDict instead. Deprecated in Pydantic V2.0 to be removed in V3.0. See Pydantic V2 Migration Guide at https://errors.pydantic.dev/2.13/migration/
    class NotificationResponse(NotificationBase):

src/api/schemas/notification.py:46
  /app/src/api/schemas/notification.py:46: PydanticDeprecatedSince20: Support for class-based `config` is deprecated, use ConfigDict instead. Deprecated in Pydantic V2.0 to be removed in V3.0. See Pydantic V2 Migration Guide at https://errors.pydantic.dev/2.13/migration/
    class NotificationPreferenceResponse(NotificationPreferenceBase):

src/api/routes/router.py:50
  /app/src/api/routes/router.py:50: PydanticDeprecatedSince20: Support for class-based `config` is deprecated, use ConfigDict instead. Deprecated in Pydantic V2.0 to be removed in V3.0. See Pydantic V2 Migration Guide at https://errors.pydantic.dev/2.13/migration/
    class RoutingPolicyResponse(BaseModel):

src/api/routes/router.py:65
  /app/src/api/routes/router.py:65: PydanticDeprecatedSince20: Support for class-based `config` is deprecated, use ConfigDict instead. Deprecated in Pydantic V2.0 to be removed in V3.0. See Pydantic V2 Migration Guide at https://errors.pydantic.dev/2.13/migration/
    class RoutingLogResponse(BaseModel):

src/api/routes/router.py:85
  /app/src/api/routes/router.py:85: PydanticDeprecatedSince20: Support for class-based `config` is deprecated, use ConfigDict instead. Deprecated in Pydantic V2.0 to be removed in V3.0. See Pydantic V2 Migration Guide at https://errors.pydantic.dev/2.13/migration/
    class FailoverEventResponse(BaseModel):

src/api/routes/security.py:53
  /app/src/api/routes/security.py:53: PydanticDeprecatedSince20: Support for class-based `config` is deprecated, use ConfigDict instead. Deprecated in Pydantic V2.0 to be removed in V3.0. See Pydantic V2 Migration Guide at https://errors.pydantic.dev/2.13/migration/
    class SecurityPolicyResponse(BaseModel):

src/api/routes/security.py:75
  /app/src/api/routes/security.py:75: PydanticDeprecatedSince20: Support for class-based `config` is deprecated, use ConfigDict instead. Deprecated in Pydantic V2.0 to be removed in V3.0. See Pydantic V2 Migration Guide at https://errors.pydantic.dev/2.13/migration/
    class SecurityEventResponse(BaseModel):

src/api/routes/security.py:89
  /app/src/api/routes/security.py:89: PydanticDeprecatedSince20: Support for class-based `config` is deprecated, use ConfigDict instead. Deprecated in Pydantic V2.0 to be removed in V3.0. See Pydantic V2 Migration Guide at https://errors.pydantic.dev/2.13/migration/
    class ScanLogResponse(BaseModel):

src/api/routes/security.py:105
  /app/src/api/routes/security.py:105: PydanticDeprecatedSince20: Support for class-based `config` is deprecated, use ConfigDict instead. Deprecated in Pydantic V2.0 to be removed in V3.0. See Pydantic V2 Migration Guide at https://errors.pydantic.dev/2.13/migration/
    class QuotaUsageResponse(BaseModel):

src/api/schemas/chat.py:23
  /app/src/api/schemas/chat.py:23: PydanticDeprecatedSince20: Support for class-based `config` is deprecated, use ConfigDict instead. Deprecated in Pydantic V2.0 to be removed in V3.0. See Pydantic V2 Migration Guide at https://errors.pydantic.dev/2.13/migration/
    class ChatConversationResponse(BaseModel):

src/api/schemas/chat.py:59
  /app/src/api/schemas/chat.py:59: PydanticDeprecatedSince20: Support for class-based `config` is deprecated, use ConfigDict instead. Deprecated in Pydantic V2.0 to be removed in V3.0. See Pydantic V2 Migration Guide at https://errors.pydantic.dev/2.13/migration/
    class ChatMessageResponse(BaseModel):

src/api/schemas/chat.py:79
  /app/src/api/schemas/chat.py:79: PydanticDeprecatedSince20: Support for class-based `config` is deprecated, use ConfigDict instead. Deprecated in Pydantic V2.0 to be removed in V3.0. See Pydantic V2 Migration Guide at https://errors.pydantic.dev/2.13/migration/
    class ConversationBookmarkResponse(BaseModel):

src/api/schemas/chat.py:93
  /app/src/api/schemas/chat.py:93: PydanticDeprecatedSince20: Support for class-based `config` is deprecated, use ConfigDict instead. Deprecated in Pydantic V2.0 to be removed in V3.0. See Pydantic V2 Migration Guide at https://errors.pydantic.dev/2.13/migration/
    class ConversationShareResponse(BaseModel):

src/api/schemas/chat.py:111
  /app/src/api/schemas/chat.py:111: PydanticDeprecatedSince20: Support for class-based `config` is deprecated, use ConfigDict instead. Deprecated in Pydantic V2.0 to be removed in V3.0. See Pydantic V2 Migration Guide at https://errors.pydantic.dev/2.13/migration/
    class ChatParticipantResponse(BaseModel):

src/api/schemas/chat.py:123
  /app/src/api/schemas/chat.py:123: PydanticDeprecatedSince20: Support for class-based `config` is deprecated, use ConfigDict instead. Deprecated in Pydantic V2.0 to be removed in V3.0. See Pydantic V2 Migration Guide at https://errors.pydantic.dev/2.13/migration/
    class ChatAttachmentResponse(BaseModel):

src/api/main.py:70
  /app/src/api/main.py:70: DeprecationWarning: 
          on_event is deprecated, use lifespan event handlers instead.
  
          Read more about it in the
          [FastAPI docs for Lifespan Events](https://fastapi.tiangolo.com/advanced/events/).
          
    @app.on_event("startup")

.venv/lib/python3.13/site-packages/fastapi/applications.py:4675
  /app/.venv/lib/python3.13/site-packages/fastapi/applications.py:4675: DeprecationWarning: 
          on_event is deprecated, use lifespan event handlers instead.
  
          Read more about it in the
          [FastAPI docs for Lifespan Events](https://fastapi.tiangolo.com/advanced/events/).
          
    return self.router.on_event(event_type)  # ty: ignore[deprecated]

.venv/lib/python3.13/site-packages/fastapi/testclient.py:1
  /app/.venv/lib/python3.13/site-packages/fastapi/testclient.py:1: StarletteDeprecationWarning: Using `httpx` with `starlette.testclient` is deprecated; install `httpx2` instead.
    from starlette.testclient import TestClient as TestClient  # noqa

tests/test_knowledge_platform.py: 17 warnings
  /app/.venv/lib/python3.13/site-packages/sqlalchemy/sql/schema.py:3623: DeprecationWarning: datetime.datetime.utcnow() is deprecated and scheduled for removal in a future version. Use timezone-aware objects to represent datetimes in UTC: datetime.datetime.now(datetime.UTC).
    return util.wrap_callable(lambda ctx: fn(), fn)  # type: ignore

tests/test_knowledge_platform.py::test_knowledge_platform_lifecycle
tests/test_knowledge_platform.py::test_knowledge_platform_lifecycle
tests/test_knowledge_platform.py::test_knowledge_platform_lifecycle
tests/test_knowledge_platform.py::test_knowledge_platform_lifecycle
tests/test_knowledge_platform.py::test_knowledge_platform_lifecycle
tests/test_knowledge_platform.py::test_knowledge_platform_lifecycle
tests/test_knowledge_platform.py::test_knowledge_platform_lifecycle
tests/test_knowledge_platform.py::test_knowledge_platform_lifecycle
  /app/src/api/ai/security/pipeline.py:128: DeprecationWarning: datetime.datetime.utcnow() is deprecated and scheduled for removal in a future version. Use timezone-aware objects to represent datetimes in UTC: datetime.datetime.now(datetime.UTC).
    now = datetime.utcnow()

tests/test_knowledge_platform.py::test_knowledge_platform_lifecycle
tests/test_knowledge_platform.py::test_knowledge_platform_lifecycle
tests/test_knowledge_platform.py::test_knowledge_platform_lifecycle
tests/test_knowledge_platform.py::test_knowledge_platform_lifecycle
  /app/src/api/ai/gateway/coordinator.py:245: DeprecationWarning: datetime.datetime.utcnow() is deprecated and scheduled for removal in a future version. Use timezone-aware objects to represent datetimes in UTC: datetime.datetime.now(datetime.UTC).
    start_dt = datetime.utcnow() - timedelta(milliseconds=latency_ms)

tests/test_knowledge_platform.py::test_knowledge_platform_lifecycle
tests/test_knowledge_platform.py::test_knowledge_platform_lifecycle
tests/test_knowledge_platform.py::test_knowledge_platform_lifecycle
tests/test_knowledge_platform.py::test_knowledge_platform_lifecycle
  /app/src/api/ai/gateway/coordinator.py:253: DeprecationWarning: datetime.datetime.utcnow() is deprecated and scheduled for removal in a future version. Use timezone-aware objects to represent datetimes in UTC: datetime.datetime.now(datetime.UTC).
    end_time=datetime.utcnow(),

tests/test_knowledge_platform.py::test_knowledge_platform_lifecycle
  /app/src/api/routes/knowledge.py:391: DeprecationWarning: datetime.datetime.utcnow() is deprecated and scheduled for removal in a future version. Use timezone-aware objects to represent datetimes in UTC: datetime.datetime.now(datetime.UTC).
    doc.deleted_at = datetime.datetime.utcnow()

tests/test_knowledge_platform.py::test_knowledge_platform_lifecycle
  /app/src/api/routes/knowledge.py:169: DeprecationWarning: datetime.datetime.utcnow() is deprecated and scheduled for removal in a future version. Use timezone-aware objects to represent datetimes in UTC: datetime.datetime.now(datetime.UTC).
    col.deleted_at = datetime.datetime.utcnow()

-- Docs: https://docs.pytest.org/en/stable/how-to/capture-warnings.html
======================== 1 passed, 97 warnings in 1.35s ========================
